// Jest Snapshot v1, https://goo.gl/fbAQLP

exports[`<Card /> render correctly 1`] = `
<DocumentFragment>
  .c3 {
  display: -webkit-inline-box;
  display: -webkit-inline-flex;
  display: -ms-inline-flexbox;
  display: inline-flex;
  color: #f95e5a;
  -webkit-box-pack: center;
  -webkit-justify-content: center;
  -ms-flex-pack: center;
  justify-content: center;
  -webkit-align-items: center;
  -webkit-box-align: center;
  -ms-flex-align: center;
  align-items: center;
  font-size: 16px;
  padding: 5px 10px;
  border: none;
  margin-left: 5px;
  background: #ffffff;
  border-radius: 5px;
}

.c3:hover {
  color: #cc4c4c;
}

.c3:click {
  color: #a53f3f;
}

.c0 {
  color: #170c3a;
  border: 1px solid;
  border-color: #ebeaed;
  padding: 10px;
  margin: 20px 0;
  box-shadow: 0 15px 20px 0 rgba(0,0,0,0.07);
  border-radius: 5px;
  background: #fcfcfd;
}

.c1 {
  display: -webkit-box;
  display: -webkit-flex;
  display: -ms-flexbox;
  display: flex;
  -webkit-flex-direction: row;
  -ms-flex-direction: row;
  flex-direction: row;
  -webkit-box-pack: justify;
  -webkit-justify-content: space-between;
  -ms-flex-pack: justify;
  justify-content: space-between;
  -webkit-align-items: center;
  -webkit-box-align: center;
  -ms-flex-align: center;
  align-items: center;
}

.c2 {
  max-width: 100px;
}

.c4 {
  width: 100%;
  -webkit-box-pack: center;
  -webkit-justify-content: center;
  -ms-flex-pack: center;
  justify-content: center;
  -webkit-align-items: center;
  -webkit-box-align: center;
  -ms-flex-align: center;
  align-items: center;
}

.c5 {
  width: 8px;
  height: 8px;
  margin-right: 5px;
}

.c5 g > path.a {
  stroke: #f95e5a;
  stroke-width: 10px;
}

.c6 {
  padding: 15px 0;
}

.c7 p {
  display: inline-block;
  font-weight: 600;
  margin-right: 4px;
}

@media (max-width:768px) {
  .c3 {
    margin-left: 5px;
    width: 100%;
  }
}

<div
    class="c0"
    data-testid="card-item"
  >
    <div
      class="c1"
    >
      <a
        class=""
        href="https://google.com"
      >
        Google
      </a>
      <div
        class="c2"
      >
        <button
          class="c3"
          data-testid="danger-button"
          type="button"
        >
          <div
            class="c4"
          >
            <svg
              class="c5"
            >
              Icon-Close-2px.svg
            </svg>
          </div>
          remove
        </button>
      </div>
    </div>
    <div
      class="c6"
    >
      Search Website
    </div>
    <div
      class="c7"
    >
      <p>
        #site
      </p>
      <p>
        #search
      </p>
      <p>
        #engine
      </p>
    </div>
  </div>
</DocumentFragment>
`;
