// Jest Snapshot v1, https://goo.gl/fbAQLP

exports[`<Modal /> render correctly 1`] = `
<DocumentFragment>
  .c0 {
  display: -webkit-box;
  display: -webkit-flex;
  display: -ms-flexbox;
  display: flex;
  position: fixed;
  z-index: 1;
  left: 0;
  top: 0;
  width: 100%;
  height: 100%;
  overflow: auto;
  background: rgb(0,0,0);
  background: rgba(0,0,0,0.4);
  -webkit-box-pack: center;
  -webkit-justify-content: center;
  -ms-flex-pack: center;
  justify-content: center;
  -webkit-align-items: center;
  -webkit-box-align: center;
  -ms-flex-align: center;
  align-items: center;
}

.c1 {
  color: #170c3a;
  display: inline-block;
  background: #fefefe;
  padding: 10px 20px;
  border: 1px solid;
  border-color: #888;
  box-shadow: 0 0 20px 0 rgba(0,0,0,0.1);
  border-radius: 5px;
  max-width: 540px;
  width: 100%;
}

@media (min-width:768px) {
  .c1 {
    padding: 20px 40px;
  }
}

<div
    class="animated fadeIn"
    style="animation-delay: 0ms; animation-duration: 1000ms; pointer-events: all;"
  >
    <div
      class="c0"
      data-testid="outside-modal"
    >
      <div
        class="c1"
        data-testid="inside-modal"
      />
    </div>
  </div>
</DocumentFragment>
`;
