// Jest Snapshot v1, https://goo.gl/fbAQLP

exports[`<PrimaryButton /> render correctly 1`] = `[Function]`;
